// Jest Snapshot v1, https://goo.gl/fbAQLP

exports[`App component renders App 1`] = `
<Fragment>
  <Characters
    count={15}
  />
  <Gifs
    count={3}
  />
</Fragment>
`;
